{"timestamp": "2026-04-29 20:14:07", "query": "interview prep", "type": "rag_query", "q_type": "analysis", "latency": 7.449317455291748, "sources": ["Career Guide"], "role": "candidate"}
{"timestamp": "2026-04-29 20:23:50", "query": "resume tips", "type": "rag_query", "q_type": "analysis", "latency": 0.33333635330200195, "sources": ["Career Guide"], "role": "candidate"}
{"timestamp": "2026-04-29 20:24:11", "query": "exploring job matches", "type": "rag_query", "q_type": "analysis", "latency": 0.23837780952453613, "sources": ["Career Guide"], "role": "candidate"}
{"timestamp": "2026-04-29 20:26:03", "query": "resume tips", "type": "exact_cache_hit", "latency": 0.0}
{"timestamp": "2026-04-29 20:27:28", "query": "resume tips", "type": "exact_cache_hit", "latency": 0.0}
{"timestamp": "2026-04-29 20:29:42", "query": "resume tips", "type": "exact_cache_hit", "latency": 0.0}
{"timestamp": "2026-04-29 20:29:59", "query": "resume tips", "type": "exact_cache_hit", "latency": 0.0}
{"timestamp": "2026-04-29 20:35:37", "query": "resume tips", "type": "exact_cache_hit", "latency": 0.0}
{"timestamp": "2026-04-29 20:40:24", "query": "resume tips", "type": "rag_query", "q_type": "analysis", "latency": 6.414522886276245, "sources": ["Career Guide"], "role": "candidate"}
{"timestamp": "2026-04-29 20:45:40", "query": "resume tips", "type": "semantic_cache_hit", "latency": 0.24019813537597656}
{"timestamp": "2026-04-29 20:50:12", "query": "resume tips", "type": "semantic_cache_hit", "latency": 0.17551231384277344}
{"timestamp": "2026-04-29 20:52:16", "query": "career", "type": "rag_query", "q_type": "analysis", "latency": 0.5081803798675537, "sources": ["Career Guide"], "role": "candidate"}
{"timestamp": "2026-04-29 20:52:32", "query": "interview prep", "type": "rag_query", "q_type": "analysis", "latency": 0.3754551410675049, "sources": ["Career Guide"], "role": "candidate"}
{"timestamp": "2026-04-29 20:56:02", "query": "Give me a roadmap to learn Python for Data Science", "type": "rag_query", "q_type": "analysis", "latency": 0.31545186042785645, "sources": ["Career Guide"], "role": "candidate"}
{"timestamp": "2026-04-29 20:58:03", "query": "Give me a roadmap to learn Python for Data Science", "type": "semantic_cache_hit", "latency": 0.1443777084350586}
{"timestamp": "2026-04-29 20:59:48", "query": "Give me a roadmap to learn Python for Data Science", "type": "semantic_cache_hit", "latency": 0.2280571460723877}
{"timestamp": "2026-04-29 21:06:43", "query": "interview prep", "type": "semantic_cache_hit", "latency": 0.4960782527923584}
{"timestamp": "2026-04-29 21:09:36", "query": "interview prep", "type": "semantic_cache_hit", "latency": 2.2010445594787598}
{"timestamp": "2026-04-29 21:47:50", "type": "llm_error", "attempt": 1, "error": "Model HuggingFaceH4/zephyr-7b-beta is not supported for task text-generation and provider featherless-ai. Supported task: conversational.", "query": "How to improve my resume?"}
{"timestamp": "2026-04-29 21:47:51", "type": "llm_error", "attempt": 2, "error": "Model HuggingFaceH4/zephyr-7b-beta is not supported for task text-generation and provider featherless-ai. Supported task: conversational.", "query": "How to improve my resume?"}
{"timestamp": "2026-04-29 21:47:51", "query": "How to improve my resume?", "type": "rag_query", "q_type": "analysis", "latency": 7.385839462280273, "sources": ["Career Guide"], "role": "candidate", "email": "anonymous"}
{"timestamp": "2026-04-29 21:52:48", "type": "pipeline_error", "error": "[Errno 22] Invalid argument", "query": "How to improve my resume?"}
{"timestamp": "2026-04-29 22:20:04", "type": "llm_error", "attempt": 1, "error": "(Request ID: Root=1-69f236be-67e9b3f60b1eb80139b9a9ad;59fb51f0-58b9-41e5-8bc2-9fe64f9f4f95)\n\n403 Forbidden: This authentication method does not have sufficient permissions to call Inference Providers on behalf of user harim917.\nCannot access content at: https://router.huggingface.co/featherless-ai/v1/chat/completions.\nMake sure your token has the correct permissions.", "query": "How to improve my resume?"}
{"timestamp": "2026-04-29 22:20:05", "type": "llm_error", "attempt": 2, "error": "(Request ID: Root=1-69f236bf-7a325e931e77297b60c56cc1;14a5921a-16f4-4d5a-ab8b-b47a36fb80d9)\n\n403 Forbidden: This authentication method does not have sufficient permissions to call Inference Providers on behalf of user harim917.\nCannot access content at: https://router.huggingface.co/featherless-ai/v1/chat/completions.\nMake sure your token has the correct permissions.", "query": "How to improve my resume?"}
{"timestamp": "2026-04-29 22:20:05", "query": "How to improve my resume?", "type": "rag_query", "q_type": "analysis", "latency": 10.557615280151367, "sources": ["Career Guide", "Job Listing"], "role": "candidate", "email": "test@example.com"}
{"timestamp": "2026-04-29 22:29:51", "type": "pipeline_error", "error": "[Errno 22] Invalid argument", "query": "roadmap for data science"}
{"timestamp": "2026-04-29 22:33:20", "type": "pipeline_error", "error": "[Errno 22] Invalid argument", "query": "roadmap for datascience"}
{"timestamp": "2026-04-29 22:33:51", "type": "pipeline_error", "error": "[Errno 22] Invalid argument", "query": "resume optimization"}
{"timestamp": "2026-04-29 22:44:16", "type": "pipeline_error", "error": "[Errno 22] Invalid argument", "query": "resume optimization"}
{"timestamp": "2026-04-29 22:44:21", "type": "pipeline_error", "error": "[Errno 22] Invalid argument", "query": "1"}
{"timestamp": "2026-04-29 22:46:50", "type": "pipeline_error", "error": "[Errno 22] Invalid argument", "query": "resume optimization"}
{"timestamp": "2026-04-29 22:49:40", "type": "pipeline_error", "error": "[Errno 22] Invalid argument", "query": "resume optimization"}
{"timestamp": "2026-04-29 22:55:11", "type": "pipeline_error", "error": "[Errno 22] Invalid argument", "query": "resume optimization"}
{"timestamp": "2026-04-29 22:55:32", "type": "pipeline_error", "error": "[Errno 22] Invalid argument", "query": "roaadmap for data science"}
{"timestamp": "2026-04-29 22:59:06", "type": "pipeline_error", "error": "[Errno 22] Invalid argument", "query": "roadmap for datascience"}
{"timestamp": "2026-04-29 23:04:39", "type": "pipeline_error", "error": "[Errno 22] Invalid argument", "query": "roadmap for data science"}
{"timestamp": "2026-04-29 23:12:32", "type": "pipeline_error", "error": "[Errno 22] Invalid argument", "query": "roadmap for data science"}
{"timestamp": "2026-04-29 23:14:48", "type": "pipeline_error", "error": "[Errno 22] Invalid argument", "query": "roadmap for data science"}
{"timestamp": "2026-04-29 23:18:52", "type": "pipeline_error", "error": "[Errno 22] Invalid argument", "query": "roadmap for data science"}
{"timestamp": "2026-04-29 23:31:50", "query": "roadmap for data science", "type": "rag_query", "q_type": "analysis", "latency": 7.788134336471558, "sources": ["Job Listing", "Career Guide"], "role": "candidate", "email": "anonymous"}
{"timestamp": "2026-04-29 23:41:29", "query": "roadmap for data science", "type": "semantic_cache_hit", "latency": 0.08458256721496582, "email": "anonymous"}
{"timestamp": "2026-04-29 23:41:38", "event": "rbac_violation_attempt", "query": "resume optimization", "doc_type": "Candidate Profile"}
{"timestamp": "2026-04-29 23:41:39", "query": "resume optimization", "type": "rag_query", "q_type": "analysis", "latency": 2.1164135932922363, "sources": ["Job Listing", "Career Guide"], "role": "candidate", "email": "anonymous"}
{"timestamp": "2026-04-29 23:55:36", "event": "rbac_violation_attempt", "query": "roadmap for machine learning", "doc_type": "Candidate Profile"}
{"timestamp": "2026-04-29 23:55:52", "query": "roadmap for machine learning", "type": "rag_query", "q_type": "analysis", "latency": 22.59847354888916, "sources": ["Career Guide"], "role": "candidate", "email": "anonymous"}
{"timestamp": "2026-04-29 23:58:17", "event": "rbac_violation_attempt", "query": "roadmap for data science", "doc_type": "Candidate Profile"}
{"timestamp": "2026-04-29 23:58:35", "query": "roadmap for data science", "type": "rag_query", "q_type": "analysis", "latency": 17.671009302139282, "sources": ["Job Listing", "Career Guide"], "role": "candidate", "email": "anonymous"}
{"timestamp": "2026-04-29 23:58:49", "event": "rbac_violation_attempt", "query": "roadmap for data analyst", "doc_type": "Candidate Profile"}
{"timestamp": "2026-04-29 23:59:06", "query": "roadmap for data analyst", "type": "rag_query", "q_type": "analysis", "latency": 16.40738534927368, "sources": ["Job Listing", "Career Guide"], "role": "candidate", "email": "anonymous"}
{"timestamp": "2026-04-30 00:12:06", "query": "roadmap to machine learning", "type": "semantic_cache_hit", "latency": 0.10392379760742188, "email": "anonymous"}
{"timestamp": "2026-04-30 00:45:15", "event": "rbac_violation_attempt", "query": "hi", "doc_type": "Candidate Profile"}
{"timestamp": "2026-04-30 00:45:35", "query": "hi", "type": "rag_query", "q_type": "navigation", "latency": 27.95010733604431, "sources": ["Job Listing", "Career Guide"], "role": "candidate", "email": "anonymous"}
{"timestamp": "2026-04-30 00:46:28", "event": "rbac_violation_attempt", "query": "roadmap for data  science", "doc_type": "Candidate Profile"}
{"timestamp": "2026-04-30 00:46:45", "query": "roadmap for data  science", "type": "rag_query", "q_type": "analysis", "latency": 17.679704904556274, "sources": ["Career Guide"], "role": "candidate", "email": "anonymous"}
{"timestamp": "2026-04-30 00:47:21", "query": "roadmap for data science", "type": "semantic_cache_hit", "latency": 0.19693589210510254, "email": "anonymous"}
{"timestamp": "2026-05-14 00:34:46", "type": "pipeline_error", "error": "'RAGManager' object has no attribute 'model'", "query": "machine learning roadmap"}
{"timestamp": "2026-05-14 00:43:14", "type": "pipeline_error", "error": "'NoneType' object has no attribute 'get'", "query": "hi"}
{"timestamp": "2026-05-14 00:43:27", "type": "pipeline_error", "error": "'NoneType' object has no attribute 'get'", "query": "machine learning roadmap"}
{"timestamp": "2026-05-14 00:45:34", "type": "pipeline_error", "error": "'NoneType' object has no attribute 'get'", "query": "machine learning roadmap"}
{"timestamp": "2026-05-14 00:45:53", "type": "pipeline_error", "error": "'NoneType' object has no attribute 'get'", "query": "hi"}
{"timestamp": "2026-05-14 00:51:55", "type": "pipeline_error", "error": "'NoneType' object has no attribute 'get'", "query": "hi"}
{"timestamp": "2026-05-14 00:52:43", "event": "rbac_violation_attempt", "query": "hi", "doc_type": "Candidate Profile"}
{"timestamp": "2026-05-14 00:52:53", "query": "hi", "type": "rag_query", "q_type": "navigation", "latency": 13.06226634979248, "sources": ["Job Listing"], "role": "candidate", "email": "anonymous"}
{"timestamp": "2026-05-14 00:53:29", "event": "rbac_violation_attempt", "query": "machine learning roadmap", "doc_type": "Candidate Profile"}
{"timestamp": "2026-05-14 00:53:43", "query": "machine learning roadmap", "type": "rag_query", "q_type": "analysis", "latency": 15.06932806968689, "sources": ["Career Guide"], "role": "candidate", "email": "anonymous"}
{"timestamp": "2026-05-14 02:10:10", "event": "rbac_violation_attempt", "query": "resume tips", "doc_type": "Candidate Profile"}
{"timestamp": "2026-05-14 02:10:29", "query": "resume tips", "type": "rag_query", "q_type": "general", "latency": 25.45151948928833, "sources": ["Job Listing", "Career Guide"], "role": "candidate", "email": "anonymous"}
{"timestamp": "2026-05-14 09:11:58", "query": "hi", "type": "rag_query", "q_type": "navigation", "latency": 12.863934516906738, "sources": [], "role": "candidate", "email": "anonymous"}
{"timestamp": "2026-05-14 09:12:36", "event": "rbac_violation_attempt", "query": "machine learnig roadmap", "doc_type": "Candidate Profile"}
{"timestamp": "2026-05-14 09:12:53", "query": "machine learnig roadmap", "type": "rag_query", "q_type": "analysis", "latency": 37.79401922225952, "sources": ["Career Guide"], "role": "candidate", "email": "anonymous"}
{"timestamp": "2026-06-12 10:48:25", "query": "How to improve my resume?", "type": "rag_query", "intent": "learning", "domain": "resume", "latency": 14.492295026779175, "sources": ["Career Guide"], "role": "candidate", "email": "harimurali10a@gmail.com"}
{"timestamp": "2026-06-12 10:49:55", "query": "how my resume should be as an ats friendly", "type": "rag_query", "intent": "resume", "domain": "backend", "latency": 19.417834997177124, "sources": ["Career Guide"], "role": "candidate", "email": "harimurali10a@gmail.com"}
{"timestamp": "2026-06-12 10:50:31", "query": "how to become as frontend developer", "type": "rag_query", "intent": "learning", "domain": "frontend", "latency": 21.861451864242554, "sources": ["Career Guide"], "role": "candidate", "email": "harimurali10a@gmail.com"}
{"timestamp": "2026-06-12 11:28:16", "query": "Hi", "type": "fast_path", "latency": 0.0}
{"timestamp": "2026-06-12 12:34:10", "query": "How to prepare for interviews?", "type": "rag_query", "intent": "interview", "domain": "interview", "latency": 4.332635879516602, "sources": ["Career Guide"], "role": "candidate", "email": "test@test.com"}
{"timestamp": "2026-06-12 12:35:04", "query": "How to prepare for interviews?", "type": "rag_query", "intent": "interview", "domain": "interview", "latency": 4.5577263832092285, "sources": ["Career Guide"], "role": "candidate", "email": "test@test.com"}
